.class public auto ansi beforefieldinit AssemblyToProcess.ClassWithExistingAttributes
       extends [mscorlib]System.Object
{
  .custom instance void [mscorlib]System.Diagnostics.DebuggerDisplayAttribute::.ctor(string) = ( 01 00 07 4E 6F 74 68 69 6E 67 00 00 )             // ...Nothing..
  .field private string '<String>k__BackingField'
  .custom instance void [mscorlib]System.Runtime.CompilerServices.CompilerGeneratedAttribute::.ctor() = ( 01 00 00 00 ) 
  .method public hidebysig specialname instance string 
          get_String() cil managed
  {
    .custom instance void [mscorlib]System.Runtime.CompilerServices.CompilerGeneratedAttribute::.ctor() = ( 01 00 00 00 ) 
    // Code size       11 (0xb)
    .maxstack  1
    .locals init (string V_0)
    IL_0000:  ldarg.0
    IL_0001:  ldfld      string AssemblyToProcess.ClassWithExistingAttributes::'<String>k__BackingField'
    IL_0006:  stloc.0
    IL_0007:  br.s       IL_0009
    IL_0009:  ldloc.0
    IL_000a:  ret
  } // end of method ClassWithExistingAttributes::get_String
  .method public hidebysig specialname instance void 
          set_String(string 'value') cil managed
  {
    .custom instance void [mscorlib]System.Runtime.CompilerServices.CompilerGeneratedAttribute::.ctor() = ( 01 00 00 00 ) 
    // Code size       8 (0x8)
    .maxstack  8
    IL_0000:  ldarg.0
    IL_0001:  ldarg.1
    IL_0002:  stfld      string AssemblyToProcess.ClassWithExistingAttributes::'<String>k__BackingField'
    IL_0007:  ret
  } // end of method ClassWithExistingAttributes::set_String
  .method public hidebysig specialname rtspecialname 
          instance void  .ctor() cil managed
  {
    // Code size       7 (0x7)
    .maxstack  8
    IL_0000:  ldarg.0
    IL_0001:  call       instance void [mscorlib]System.Object::.ctor()
    IL_0006:  ret
  } // end of method ClassWithExistingAttributes::.ctor
  .property instance string String()
  {
    .set instance void AssemblyToProcess.ClassWithExistingAttributes::set_String(string)
    .get instance string AssemblyToProcess.ClassWithExistingAttributes::get_String()
  } // end of property ClassWithExistingAttributes::String
} // end of class AssemblyToProcess.ClassWithExistingAttributes