.class public auto ansi beforefieldinit AssemblyToProcess.ClassWithConst
       extends [mscorlib]System.Object
{
  .field public static literal string Constant = "ConstantValue"
  .method public hidebysig specialname rtspecialname 
          instance void  .ctor() cil managed
  {
    // Code size       8 (0x8)
    .maxstack  8
    IL_0000:  ldarg.0
    IL_0001:  call       instance void [mscorlib]System.Object::.ctor()
    IL_0006:  nop
    IL_0007:  ret
  } // end of method ClassWithConst::.ctor
} // end of class AssemblyToProcess.ClassWithConst